------------------------------------------------------------
Timing Analyzer Summary
------------------------------------------------------------

Type  : Slow 1200mV 85C Model Setup 'clock'
Slack : -4.144
TNS   : -49.629

Type  : Slow 1200mV 85C Model Setup 'slow_clock:U0|slow_clock'
Slack : -0.296
TNS   : -1.128

Type  : Slow 1200mV 85C Model Hold 'slow_clock:U0|slow_clock'
Slack : 0.386
TNS   : 0.000

Type  : Slow 1200mV 85C Model Hold 'clock'
Slack : 0.723
TNS   : 0.000

Type  : Slow 1200mV 85C Model Minimum Pulse Width 'clock'
Slack : -3.000
TNS   : -40.175

Type  : Slow 1200mV 85C Model Minimum Pulse Width 'slow_clock:U0|slow_clock'
Slack : -1.487
TNS   : -11.896

Type  : Slow 1200mV 0C Model Setup 'clock'
Slack : -3.915
TNS   : -43.977

Type  : Slow 1200mV 0C Model Setup 'slow_clock:U0|slow_clock'
Slack : -0.214
TNS   : -0.546

Type  : Slow 1200mV 0C Model Hold 'slow_clock:U0|slow_clock'
Slack : 0.344
TNS   : 0.000

Type  : Slow 1200mV 0C Model Hold 'clock'
Slack : 0.680
TNS   : 0.000

Type  : Slow 1200mV 0C Model Minimum Pulse Width 'clock'
Slack : -3.000
TNS   : -40.175

Type  : Slow 1200mV 0C Model Minimum Pulse Width 'slow_clock:U0|slow_clock'
Slack : -1.487
TNS   : -11.896

Type  : Fast 1200mV 0C Model Setup 'clock'
Slack : -1.072
TNS   : -5.387

Type  : Fast 1200mV 0C Model Setup 'slow_clock:U0|slow_clock'
Slack : 0.456
TNS   : 0.000

Type  : Fast 1200mV 0C Model Hold 'slow_clock:U0|slow_clock'
Slack : 0.159
TNS   : 0.000

Type  : Fast 1200mV 0C Model Hold 'clock'
Slack : 0.249
TNS   : 0.000

Type  : Fast 1200mV 0C Model Minimum Pulse Width 'clock'
Slack : -3.000
TNS   : -28.875

Type  : Fast 1200mV 0C Model Minimum Pulse Width 'slow_clock:U0|slow_clock'
Slack : -1.000
TNS   : -8.000

------------------------------------------------------------
